// Jest Snapshot v1, https://goo.gl/fbAQLP

exports[`renders correctly 1`] = `
<DocumentFragment>
  <div
    class="weather-app"
  >
    <div
      class="location-details"
    >
      <h1
        class="location-details__header"
      >
        , 
      </h1>
    </div>
    <div
      class="search-form"
    >
      <input
        class="search-form__input"
        placeholder="Enter a city"
        type="text"
        value=""
      />
      <button
        class="search-form__button"
        type="submit"
      >
        Search
      </button>
    </div>
    <div
      class="forecast-summaries"
    />
  </div>
</DocumentFragment>
`;
